WARNING: We recommend using a newer Android Gradle plugin to use compileSdk = 35

This Android Gradle plugin (8.2.2) was tested up to compileSdk = 34.

You are strongly encouraged to update your project to use a newer
Android Gradle plugin that has been tested with compileSdk = 35.

If you are already using the latest version of the Android Gradle plugin,
you may need to wait until a newer version with support for compileSdk = 35 is available.

To suppress this warning, add/update
    android.suppressUnsupportedCompileSdk=35
to this project's gradle.properties.
> Task :app:checkKotlinGradlePluginConfigurationErrors
> Task :app:preBuild UP-TO-DATE
> Task :app:preDebugBuild UP-TO-DATE
> Task :app:generateDebugBuildConfig UP-TO-DATE
> Task :app:checkDebugAarMetadata FAILED
.\gradlew : 
At line:1 char:1
+ .\gradlew installDebug > build_output.txt 2>&1
+ ~~~~~~~~~~~~~~~~~~~~~~~~~~~~~~~~~~~~~~~~~~~~~~
    + CategoryInfo          : NotSpecified: (:String) [] 
   , RemoteException
    + FullyQualifiedErrorId : NativeCommandError
 
FAILURE: Build failed with an exception.

* What went wrong:
Execution failed for task ':app:checkDebugAarMetadata'.
> Could not resolve all files for configuration 
':app:debugRuntimeClasspath'.
   > Could not find com.github.davidliu:audioswitch:89582
c47c9a04c62f90aa5e57251af4800a62c9a.
     Searched in the following locations:
       - https://dl.google.com/dl/android/maven2/com/gith
ub/davidliu/audioswitch/89582c47c9a04c62f90aa5e57251af480
0a62c9a/audioswitch-89582c47c9a04c62f90aa5e57251af4800a62
c9a.pom
       - https://repo.maven.apache.org/maven2/com/github/
davidliu/audioswitch/89582c47c9a04c62f90aa5e57251af4800a6
2c9a/audioswitch-89582c47c9a04c62f90aa5e57251af4800a62c9a
.pom
     Required by:
         project :app > 
io.elevenlabs:elevenlabs-android:0.7.2 > 
io.livekit:livekit-android:2.22.0

* Try:
> Run with --stacktrace option to get the stack trace.
> Run with --info or --debug option to get more log 
output.
> Run with --scan to get full insights.
> Get more help at https://help.gradle.org.

BUILD FAILED in 5s
3 actionable tasks: 2 executed, 1 up-to-date
